CCS PCM C Compiler, Version 5.110P, 62724               15-jun.-23 16:42

               Filename:   C:\Users\El_fi\OneDrive\Escritorio\Electronica\PIC\MiPrimerProyecto\miPrimerProyecto.lst

               ROM used:   59 words (1%)
                           Largest free fragment is 2048
               RAM used:   6 (2%) at main() level
                           7 (2%) worst case
               Stack used: 0 locations
               Stack size: 8

*
0000:  MOVLW  00
0001:  MOVWF  0A
0002:  GOTO   019
0003:  NOP
.................... //Directivas
.................... 
.................... #include <16f88.h>
.................... //////////// Standard Header file for the PIC16F88 device ////////////////
.................... ///////////////////////////////////////////////////////////////////////////
.................... ////        (C) Copyright 1996, 2020 Custom Computer Services          ////
.................... //// This source code may only be used by licensed users of the CCS C  ////
.................... //// compiler.  This source code may only be distributed to other      ////
.................... //// licensed users of the CCS C compiler.  No other use, reproduction ////
.................... //// or distribution is permitted without written permission.          ////
.................... //// Derivative programs created using this software in object code    ////
.................... //// form are not restricted in any way.                               ////
.................... ///////////////////////////////////////////////////////////////////////////
.................... #device PIC16F88
.................... 
.................... #list
.................... 
.................... #fuses xt, nowdt
.................... #use delay(clock=4M)
0004:  MOVLW  22
0005:  MOVWF  04
0006:  BCF    03.7
0007:  MOVF   00,W
0008:  BTFSC  03.2
0009:  GOTO   018
000A:  MOVLW  01
000B:  MOVWF  78
000C:  CLRF   77
000D:  DECFSZ 77,F
000E:  GOTO   00D
000F:  DECFSZ 78,F
0010:  GOTO   00C
0011:  MOVLW  4A
0012:  MOVWF  77
0013:  DECFSZ 77,F
0014:  GOTO   013
0015:  GOTO   016
0016:  DECFSZ 00,F
0017:  GOTO   00A
0018:  RETURN
.................... 
.................... #byte TRISA = 0x85
.................... #byte PORTA = 0x05
.................... //Variables globales
.................... 
.................... 
.................... //Interrupciones
.................... 
.................... 
.................... 
.................... //Programa principal
.................... void main (){
0019:  MOVF   03,W
001A:  ANDLW  1F
001B:  MOVWF  03
001C:  BSF    03.5
001D:  BCF    1F.4
001E:  BCF    1F.5
001F:  MOVF   1B,W
0020:  ANDLW  80
0021:  MOVWF  1B
0022:  MOVLW  07
0023:  MOVWF  1C
0024:  BCF    03.7
....................    //Configuración de periféricos
....................    TRISA = 0x00;
0025:  CLRF   05
....................    PORTA = 0x00;
0026:  BCF    03.5
0027:  CLRF   05
....................    
....................    
....................    //Bucle infinito
....................    while(1){
....................    PORTA = 0b00000001;
0028:  MOVLW  01
0029:  MOVWF  05
....................    delay_ms(1000);
002A:  MOVLW  04
002B:  MOVWF  21
002C:  MOVLW  FA
002D:  MOVWF  22
002E:  CALL   004
002F:  DECFSZ 21,F
0030:  GOTO   02C
....................    PORTA = 0b00000000;
0031:  CLRF   05
....................    delay_ms(1000);   
0032:  MOVLW  04
0033:  MOVWF  21
0034:  MOVLW  FA
0035:  MOVWF  22
0036:  CALL   004
0037:  DECFSZ 21,F
0038:  GOTO   034
0039:  GOTO   028
....................    }
.................... }
003A:  SLEEP

Configuration Fuses:
   Word  1: 3F61   NOWDT PUT XT MCLR BROWNOUT NOLVP NOCPD NOWRT NODEBUG CCPB0 NOPROTECT
   Word  2: 3FFF   FCMEN IESO
